###############################################################################
#
# IAR ELF Linker V3.11.1.207 for STM8                     12/Nov/2023  16:39:07
# Copyright 2010-2019 IAR Systems AB.
#
#    Output file  =  
#        C:\Users\VIETNGU\Documents\EMBEDDED_LAB\STM8\Project\5.STM8S_7SEGMENT_4DIGIT\Debug\Exe\7SEGMENT_4DIGIT.out
#    Map file     =  
#        C:\Users\VIETNGU\Documents\EMBEDDED_LAB\STM8\Project\5.STM8S_7SEGMENT_4DIGIT\Debug\List\7SEGMENT_4DIGIT.map
#    Command line =  
#        -f C:\Users\VIETNGU\AppData\Local\Temp\EW174.tmp
#        (C:\Users\VIETNGU\Documents\EMBEDDED_LAB\STM8\Project\5.STM8S_7SEGMENT_4DIGIT\Debug\Obj\main.o
#        C:\Users\VIETNGU\Documents\EMBEDDED_LAB\STM8\Project\5.STM8S_7SEGMENT_4DIGIT\Debug\Obj\stm8s_gpio.o
#        C:\Users\VIETNGU\Documents\EMBEDDED_LAB\STM8\Project\5.STM8S_7SEGMENT_4DIGIT\Debug\Obj\stm8s_it.o
#        --redirect _Printf=_PrintfFullNoMb --redirect _Scanf=_ScanfFullNoMb
#        --no_out_extension -o
#        C:\Users\VIETNGU\Documents\EMBEDDED_LAB\STM8\Project\5.STM8S_7SEGMENT_4DIGIT\Debug\Exe\7SEGMENT_4DIGIT.out
#        --map
#        C:\Users\VIETNGU\Documents\EMBEDDED_LAB\STM8\Project\5.STM8S_7SEGMENT_4DIGIT\Debug\List\7SEGMENT_4DIGIT.map
#        --config "C:\Program Files (x86)\IAR Systems\Embedded Workbench
#        8.3\stm8\config\lnkstm8s103f3.icf" --config_def _CSTACK_SIZE=0x100
#        --config_def _HEAP_SIZE=0x100 --entry __iar_program_start --debug_lib)
#
###############################################################################

*******************************************************************************
*** RUNTIME MODEL ATTRIBUTES
***

__SystemLibrary            = DLib
__code_model               = medium_or_large
__core                     = stm8
__data_model               = medium
__dlib_file_descriptor     = 0
__dlib_full_locale_support = 0
__rt_version               = 4


*******************************************************************************
*** PLACEMENT SUMMARY
***

"A0":  place at start of [0x000000-0x0000ff] { rw section .vregs };
"A1":  place at end of [0x000000-0x0003ff] { block CSTACK };
"P2":  place in [from 0x000000 to 0x0003ff] {
          block HEAP, rw section __DLIB_PERTHREAD, rw section .far.bss,
          rw section .far.data, rw section .far.noinit,
          rw section .far_func.textrw, rw section .huge.bss,
          rw section .huge.data, rw section .huge.noinit,
          rw section .huge_func.textrw, rw section .iar.dynexit,
          rw section .near.bss, rw section .near.data, rw section .near.noinit,
          rw section .near_func.textrw };
"A2":  place at start of [0x008000-0x009fff] { block INTVEC };
"P3":  place in [from 0x008000 to 0x009fff] {
          ro section __DLIB_PERTHREAD_init, ro section .far.data_init,
          ro section .far_func.textrw_init, ro section .huge.data_init,
          ro section .huge_func.textrw_init, ro section .iar.init_table,
          ro section .init_array, ro section .near.data_init,
          ro section .near.rodata, ro section .near_func.text,
          ro section .near_func.textrw_init, ro section .tiny.data_init,
          ro section .tiny.rodata_init };
"P4":  place in [from 0x008000 to 0x009fff] {
          ro section .far.rodata, ro section .far_func.text };
"P5":  place in [from 0x008000 to 0x009fff] {
          ro section .huge.rodata, ro section .huge_func.text };
do not initialize {
   rw section .eeprom.noinit, rw section .far.noinit, rw section .huge.noinit,
   rw section .near.noinit, rw section .tiny.noinit, rw section .vregs };
initialize by copy {
   rw section .far.bss, rw section .far.data, rw section .far_func.textrw,
   rw section .huge.bss, rw section .huge.data, rw section .huge_func.textrw,
   rw section .iar.dynexit, rw section .near.bss, rw section .near.data,
   rw section .near_func.textrw, rw section .tiny.bss, rw section .tiny.data,
   ro section .tiny.rodata };

No sections matched the following patterns:

  ro section .far.data_init          in "P3-P5"
  ro section .far.rodata             in "P3-P5"
  ro section .far_func.textrw_init   in "P3-P5"
  ro section .huge.data_init         in "P3-P5"
  ro section .huge.rodata            in "P3-P5"
  ro section .huge_func.text         in "P3-P5"
  ro section .huge_func.textrw_init  in "P3-P5"
  ro section .iar.init_table         in "P3-P5"
  ro section .init_array             in "P3-P5"
  ro section .near_func.text         in "P3-P5"
  ro section .near_func.textrw_init  in "P3-P5"
  ro section .tiny.data_init         in "P3-P5"
  ro section .tiny.rodata_init       in "P3-P5"
  ro section __DLIB_PERTHREAD_init   in "P3-P5"
  rw section .far.bss                in "P2"
  rw section .far.data               in "P2"
  rw section .far.noinit             in "P2"
  rw section .far_func.textrw        in "P2"
  rw section .huge.bss               in "P2"
  rw section .huge.data              in "P2"
  rw section .huge.noinit            in "P2"
  rw section .huge_func.textrw       in "P2"
  rw section .iar.dynexit            in "P2"
  rw section .near.bss               in "P2"
  rw section .near.noinit            in "P2"
  rw section .near_func.textrw       in "P2"
  rw section .tiny.bss               in "P1"
  rw section .tiny.data              in "P1"
  rw section .tiny.noinit            in "P1"
  rw section .tiny.rodata            in "P1"
  rw section __DLIB_PERTHREAD        in "P2"
  section .eeprom.data               in "P6-P8"
  section .eeprom.noinit             in "P6-P8"
  section .eeprom.rodata             in "P6-P8"


  Section            Kind      Address   Size  Object
  -------            ----      -------   ----  ------
"A0":                                     0xc
  .vregs             uninit   0x000000    0xc  vregs.o [4]
                            - 0x00000c    0xc

"P2":                                     0xa
  P2-1                        0x00000c    0xa  <Init block>
    .near.data       inited   0x00000c    0xa  main.o [1]
                            - 0x000016    0xa

"A1":                                   0x100
  CSTACK                      0x000300  0x100  <Block>
    CSTACK           uninit   0x000300  0x100  <Block tail>
                            - 0x000400  0x100

"A2":                                    0x80
  INTVEC                      0x008000   0x80  <Block>
    .intvec          const    0x008000   0x80  interrupt.o [4]
                            - 0x008080   0x80

"P3-P5":                                0x550
  .far_func.text     ro code  0x008080  0x115  stm8s_gpio.o [1]
  .far_func.text     ro code  0x008195   0xee  main.o [1]
  .far_func.text     ro code  0x008283   0xde  main.o [1]
  .far_func.text     ro code  0x008361   0xab  main.o [1]
  .far_func.text     ro code  0x00840c   0x5e  vreg_util.o [4]
  .near.rodata       const    0x00846a   0x42  stm8s_gpio.o [1]
  .far_func.text     ro code  0x0084ac   0x29  short.o [4]
  .far_func.text     ro code  0x0084d5   0x28  init_small.o [4]
  .iar.init_table    const    0x0084fd    0xb  - Linker created -
  .far_func.text     ro code  0x008508   0x1e  init.o [4]
  .far_func.text     ro code  0x008526   0x17  main.o [1]
  .far_func.text     ro code  0x00853d   0x17  cstartup.o [4]
  .far_func.text     ro code  0x008554   0x16  __dbg_xxexit.o [3]
  .far_func.text     ro code  0x00856a   0x14  stm8s_gpio.o [1]
  .far_func.text     ro code  0x00857e    0xe  far_util.o [4]
  Initializer bytes  const    0x00858c    0xa  <for P2-1>
  .far_func.text     ro code  0x008596    0x7  stm8s_gpio.o [1]
  .far_func.text     ro code  0x00859d    0x6  char.o [4]
  .far_func.text     ro code  0x0085a3    0x6  cexit.o [4]
  .far_func.text     ro code  0x0085a9    0x4  stm8s_gpio.o [1]
  .far_func.text     ro code  0x0085ad    0x4  interrupt.o [4]
  .far_func.text     ro code  0x0085b1    0x4  exit.o [4]
  .far_func.text     ro code  0x0085b5    0x3  low_level_init.o [4]
  .far_func.text     ro code  0x0085b8    0x3  unhandled_exception.o [4]
  .far_func.text     ro code  0x0085bb    0x1  main.o [1]
  .far_func.text     ro code  0x0085bc    0x1  stm8s_it.o [1]
  .far_func.text     ro code  0x0085bd    0x1  stm8s_it.o [1]
  .far_func.text     ro code  0x0085be    0x1  stm8s_it.o [1]
  .far_func.text     ro code  0x0085bf    0x1  stm8s_it.o [1]
  .far_func.text     ro code  0x0085c0    0x1  stm8s_it.o [1]
  .far_func.text     ro code  0x0085c1    0x1  stm8s_it.o [1]
  .far_func.text     ro code  0x0085c2    0x1  stm8s_it.o [1]
  .far_func.text     ro code  0x0085c3    0x1  stm8s_it.o [1]
  .far_func.text     ro code  0x0085c4    0x1  stm8s_it.o [1]
  .far_func.text     ro code  0x0085c5    0x1  stm8s_it.o [1]
  .far_func.text     ro code  0x0085c6    0x1  stm8s_it.o [1]
  .far_func.text     ro code  0x0085c7    0x1  stm8s_it.o [1]
  .far_func.text     ro code  0x0085c8    0x1  stm8s_it.o [1]
  .far_func.text     ro code  0x0085c9    0x1  stm8s_it.o [1]
  .far_func.text     ro code  0x0085ca    0x1  stm8s_it.o [1]
  .far_func.text     ro code  0x0085cb    0x1  stm8s_it.o [1]
  .far_func.text     ro code  0x0085cc    0x1  stm8s_it.o [1]
  .far_func.text     ro code  0x0085cd    0x1  stm8s_it.o [1]
  .far_func.text     ro code  0x0085ce    0x1  stm8s_it.o [1]
  .far_func.text     ro code  0x0085cf    0x1  __dbg_break.o [3]
                            - 0x0085d0  0x550


*******************************************************************************
*** INIT TABLE
***

          Address   Size
          -------   ----
Copy (__iar_copy_init2)
    1 source range, total size 0xa:
          0x00858c   0xa
    1 destination range, total size 0xa:
          0x00000c   0xa



*******************************************************************************
*** MODULE SUMMARY
***

    Module                 ro code  ro data  rw data
    ------                 -------  -------  -------
C:\Users\VIETNGU\Documents\EMBEDDED_LAB\STM8\Project\5.STM8S_7SEGMENT_4DIGIT\Debug\Obj: [1]
    main.o                     655       10       10
    stm8s_gpio.o               308       66
    stm8s_it.o                  19
    ------------------------------------------------
    Total:                     982       76       10

command line: [2]
    ------------------------------------------------
    Total:

dbgstm8mmd.a: [3]
    __dbg_break.o                1
    __dbg_xxexit.o              22
    ------------------------------------------------
    Total:                      23

dlstm8mmn.a: [4]
    cexit.o                      6
    char.o                       6
    cstartup.o                  23
    exit.o                       4
    far_util.o                  14
    init.o                      30
    init_small.o                40
    interrupt.o                  4      128
    low_level_init.o             3
    short.o                     41
    unhandled_exception.o        3
    vreg_util.o                 94
    vregs.o                                       12
    ------------------------------------------------
    Total:                     268      128       12

    Linker created                       11      256
----------------------------------------------------
    Grand Total:             1 273      215      278


*******************************************************************************
*** ENTRY LIST
***

Entry                    Address   Size  Type      Object
-----                    -------   ----  ----      ------
.iar.init_table$$Base   0x0084fd          --   Gb  - Linker created -
.iar.init_table$$Limit  0x008508          --   Gb  - Linker created -
?b0                     0x000000         Data  Gb  vregs.o [4]
?b1                     0x000001         Data  Gb  vregs.o [4]
?b10                    0x00000a         Data  Gb  vregs.o [4]
?b11                    0x00000b         Data  Gb  vregs.o [4]
?b2                     0x000002         Data  Gb  vregs.o [4]
?b3                     0x000003         Data  Gb  vregs.o [4]
?b4                     0x000004         Data  Gb  vregs.o [4]
?b5                     0x000005         Data  Gb  vregs.o [4]
?b6                     0x000006         Data  Gb  vregs.o [4]
?b7                     0x000007         Data  Gb  vregs.o [4]
?b8                     0x000008         Data  Gb  vregs.o [4]
?b9                     0x000009         Data  Gb  vregs.o [4]
?e0                     0x000001         Data  Gb  vregs.o [4]
?e1                     0x000005         Data  Gb  vregs.o [4]
?e2                     0x000009         Data  Gb  vregs.o [4]
?epilogue_l2            0x008465         Code  Gb  vreg_util.o [4]
?l0                     0x000000         Data  Gb  vregs.o [4]
?l1                     0x000004         Data  Gb  vregs.o [4]
?l2                     0x000008         Data  Gb  vregs.o [4]
?load24_e1_0x           0x00857e         Code  Gb  far_util.o [4]
?pop_l2                 0x00844e         Code  Gb  vreg_util.o [4]
?push_l2                0x008428         Code  Gb  vreg_util.o [4]
?push_w4                0x00840c         Code  Gb  vreg_util.o [4]
?sdiv16_x_x_y           0x0084ac         Code  Gb  short.o [4]
?smod16_y_x_y           0x0084c5         Code  Gb  short.o [4]
?srl8_a_a_5             0x00859e         Code  Gb  char.o [4]
?srl8_a_a_6             0x00859d         Code  Gb  char.o [4]
?w0                     0x000000         Data  Gb  vregs.o [4]
?w1                     0x000002         Data  Gb  vregs.o [4]
?w2                     0x000004         Data  Gb  vregs.o [4]
?w3                     0x000006         Data  Gb  vregs.o [4]
?w4                     0x000008         Data  Gb  vregs.o [4]
?w5                     0x00000a         Data  Gb  vregs.o [4]
ADC1_IRQHandler         0x0085cc    0x1  Code  Gb  stm8s_it.o [1]
AWU_IRQHandler          0x0085be    0x1  Code  Gb  stm8s_it.o [1]
CLK_IRQHandler          0x0085bf    0x1  Code  Gb  stm8s_it.o [1]
CSTACK$$Base            0x000300          --   Gb  - Linker created -
CSTACK$$Limit           0x000400          --   Gb  - Linker created -
EEPROM_EEC_IRQHandler   0x0085ce    0x1  Code  Gb  stm8s_it.o [1]
EXTI_PORTA_IRQHandler   0x0085c0    0x1  Code  Gb  stm8s_it.o [1]
EXTI_PORTB_IRQHandler   0x0085c1    0x1  Code  Gb  stm8s_it.o [1]
EXTI_PORTC_IRQHandler   0x0085c2    0x1  Code  Gb  stm8s_it.o [1]
EXTI_PORTD_IRQHandler   0x0085c3    0x1  Code  Gb  stm8s_it.o [1]
EXTI_PORTE_IRQHandler   0x0085c4    0x1  Code  Gb  stm8s_it.o [1]
GPIO_CONFIGURATION      0x008361   0xab  Code  Gb  main.o [1]
GPIO_DeInit             0x00856a   0x14  Code  Gb  stm8s_gpio.o [1]
GPIO_Init               0x008080  0x115  Code  Gb  stm8s_gpio.o [1]
GPIO_WriteHigh          0x008596    0x7  Code  Gb  stm8s_gpio.o [1]
GPIO_WriteLow           0x0085a9    0x4  Code  Gb  stm8s_gpio.o [1]
I2C_IRQHandler          0x0085cb    0x1  Code  Gb  stm8s_it.o [1]
INTVEC$$Base            0x008000          --   Gb  - Linker created -
INTVEC$$Limit           0x008080          --   Gb  - Linker created -
LED7_writeByte          0x008283   0xde  Code  Gb  main.o [1]
Region$$Table$$Base     0x0084fd          --   Gb  - Linker created -
Region$$Table$$Limit    0x008508          --   Gb  - Linker created -
SPI_IRQHandler          0x0085c5    0x1  Code  Gb  stm8s_it.o [1]
TIM1_CAP_COM_IRQHandler
                        0x0085c7    0x1  Code  Gb  stm8s_it.o [1]
TIM1_UPD_OVF_TRG_BRK_IRQHandler
                        0x0085c6    0x1  Code  Gb  stm8s_it.o [1]
TIM2_CAP_COM_IRQHandler
                        0x0085c9    0x1  Code  Gb  stm8s_it.o [1]
TIM2_UPD_OVF_BRK_IRQHandler
                        0x0085c8    0x1  Code  Gb  stm8s_it.o [1]
TIM4_UPD_OVF_IRQHandler
                        0x0085cd    0x1  Code  Gb  stm8s_it.o [1]
TLI_IRQHandler          0x0085bd    0x1  Code  Gb  stm8s_it.o [1]
TRAP_IRQHandler         0x0085bc    0x1  Code  Gb  stm8s_it.o [1]
UART1_TX_IRQHandler     0x0085ca    0x1  Code  Gb  stm8s_it.o [1]
__DebugBreak            0x0085cf    0x1  Code  Gb  __dbg_break.o [3]
__exit                  0x008554   0x16  Code  Gb  __dbg_xxexit.o [3]
__iar_copy_init2        0x0084d5         Code  Gb  init_small.o [4]
__iar_data_init2        0x008508   0x1e  Code  Gb  init.o [4]
__iar_program_start     0x00853d         Code  Gb  cstartup.o [4]
__iar_unhandled_exception
                        0x0085b8         Code  Gb  unhandled_exception.o [4]
__intvec                0x008000         Data  Gb  interrupt.o [4]
__low_level_init        0x0085b5    0x3  Code  Gb  low_level_init.o [4]
_exit                   0x0085a3         Code  Gb  cexit.o [4]
_interrupt_1            0x0085bc         Code  Gb  stm8s_it.o [1]
_interrupt_12           0x0085c5         Code  Gb  stm8s_it.o [1]
_interrupt_13           0x0085c6         Code  Gb  stm8s_it.o [1]
_interrupt_14           0x0085c7         Code  Gb  stm8s_it.o [1]
_interrupt_15           0x0085c8         Code  Gb  stm8s_it.o [1]
_interrupt_16           0x0085c9         Code  Gb  stm8s_it.o [1]
_interrupt_19           0x0085ca         Code  Gb  stm8s_it.o [1]
_interrupt_2            0x0085bd         Code  Gb  stm8s_it.o [1]
_interrupt_21           0x0085cb         Code  Gb  stm8s_it.o [1]
_interrupt_24           0x0085cc         Code  Gb  stm8s_it.o [1]
_interrupt_25           0x0085cd         Code  Gb  stm8s_it.o [1]
_interrupt_26           0x0085ce         Code  Gb  stm8s_it.o [1]
_interrupt_3            0x0085be         Code  Gb  stm8s_it.o [1]
_interrupt_4            0x0085bf         Code  Gb  stm8s_it.o [1]
_interrupt_5            0x0085c0         Code  Gb  stm8s_it.o [1]
_interrupt_6            0x0085c1         Code  Gb  stm8s_it.o [1]
_interrupt_7            0x0085c2         Code  Gb  stm8s_it.o [1]
_interrupt_8            0x0085c3         Code  Gb  stm8s_it.o [1]
_interrupt_9            0x0085c4         Code  Gb  stm8s_it.o [1]
assert_failed           0x0085bb    0x1  Code  Gb  main.o [1]
delay                   0x008526   0x17  Code  Gb  main.o [1]
exit                    0x0085b1    0x4  Code  Gb  exit.o [4]
led7Hex                 0x00000c    0xa  Data  Gb  main.o [1]
main                    0x008195   0xee  Code  Gb  main.o [1]


[1] = C:\Users\VIETNGU\Documents\EMBEDDED_LAB\STM8\Project\5.STM8S_7SEGMENT_4DIGIT\Debug\Obj
[2] = command line
[3] = dbgstm8mmd.a
[4] = dlstm8mmn.a

  1 273 bytes of readonly  code memory
    215 bytes of readonly  data memory
    278 bytes of readwrite data memory

Errors: none
Warnings: none
