###############################################################################
#
# IAR ELF Linker V3.11.1.207 for STM8                     12/Nov/2023  16:03:35
# Copyright 2010-2019 IAR Systems AB.
#
#    Output file  =  
#        C:\Users\VIETNGU\Documents\EMBEDDED_LAB\STM8\Project\4.STM8S_7SEGMENT_2DIGIT\Debug\Exe\7SEGMENT_2DIGIT.out
#    Map file     =  
#        C:\Users\VIETNGU\Documents\EMBEDDED_LAB\STM8\Project\4.STM8S_7SEGMENT_2DIGIT\Debug\List\7SEGMENT_2DIGIT.map
#    Command line =  
#        -f C:\Users\VIETNGU\AppData\Local\Temp\EW7A9A.tmp
#        (C:\Users\VIETNGU\Documents\EMBEDDED_LAB\STM8\Project\4.STM8S_7SEGMENT_2DIGIT\Debug\Obj\main.o
#        C:\Users\VIETNGU\Documents\EMBEDDED_LAB\STM8\Project\4.STM8S_7SEGMENT_2DIGIT\Debug\Obj\stm8s_gpio.o
#        C:\Users\VIETNGU\Documents\EMBEDDED_LAB\STM8\Project\4.STM8S_7SEGMENT_2DIGIT\Debug\Obj\stm8s_it.o
#        --redirect _Printf=_PrintfFullNoMb --redirect _Scanf=_ScanfFullNoMb
#        --no_out_extension -o
#        C:\Users\VIETNGU\Documents\EMBEDDED_LAB\STM8\Project\4.STM8S_7SEGMENT_2DIGIT\Debug\Exe\7SEGMENT_2DIGIT.out
#        --map
#        C:\Users\VIETNGU\Documents\EMBEDDED_LAB\STM8\Project\4.STM8S_7SEGMENT_2DIGIT\Debug\List\7SEGMENT_2DIGIT.map
#        --config "C:\Program Files (x86)\IAR Systems\Embedded Workbench
#        8.3\stm8\config\lnkstm8s103f3.icf" --config_def _CSTACK_SIZE=0x100
#        --config_def _HEAP_SIZE=0x100 --entry __iar_program_start --debug_lib)
#
###############################################################################

*******************************************************************************
*** RUNTIME MODEL ATTRIBUTES
***

__SystemLibrary            = DLib
__code_model               = small
__core                     = stm8
__data_model               = medium
__dlib_file_descriptor     = 0
__dlib_full_locale_support = 0
__rt_version               = 4


*******************************************************************************
*** PLACEMENT SUMMARY
***

"A0":  place at start of [0x000000-0x0000ff] { rw section .vregs };
"A1":  place at end of [0x000000-0x0003ff] { block CSTACK };
"P2":  place in [from 0x000000 to 0x0003ff] {
          block HEAP, rw section __DLIB_PERTHREAD, rw section .far.bss,
          rw section .far.data, rw section .far.noinit,
          rw section .far_func.textrw, rw section .huge.bss,
          rw section .huge.data, rw section .huge.noinit,
          rw section .huge_func.textrw, rw section .iar.dynexit,
          rw section .near.bss, rw section .near.data, rw section .near.noinit,
          rw section .near_func.textrw };
"A2":  place at start of [0x008000-0x009fff] { block INTVEC };
"P3":  place in [from 0x008000 to 0x009fff] {
          ro section __DLIB_PERTHREAD_init, ro section .far.data_init,
          ro section .far_func.textrw_init, ro section .huge.data_init,
          ro section .huge_func.textrw_init, ro section .iar.init_table,
          ro section .init_array, ro section .near.data_init,
          ro section .near.rodata, ro section .near_func.text,
          ro section .near_func.textrw_init, ro section .tiny.data_init,
          ro section .tiny.rodata_init };
"P4":  place in [from 0x008000 to 0x009fff] {
          ro section .far.rodata, ro section .far_func.text };
"P5":  place in [from 0x008000 to 0x009fff] {
          ro section .huge.rodata, ro section .huge_func.text };
do not initialize {
   rw section .eeprom.noinit, rw section .far.noinit, rw section .huge.noinit,
   rw section .near.noinit, rw section .tiny.noinit, rw section .vregs };
initialize by copy {
   rw section .far.bss, rw section .far.data, rw section .far_func.textrw,
   rw section .huge.bss, rw section .huge.data, rw section .huge_func.textrw,
   rw section .iar.dynexit, rw section .near.bss, rw section .near.data,
   rw section .near_func.textrw, rw section .tiny.bss, rw section .tiny.data,
   ro section .tiny.rodata };

No sections matched the following patterns:

  ro section .far.data_init          in "P3-P5"
  ro section .far.rodata             in "P3-P5"
  ro section .far_func.text          in "P3-P5"
  ro section .far_func.textrw_init   in "P3-P5"
  ro section .huge.data_init         in "P3-P5"
  ro section .huge.rodata            in "P3-P5"
  ro section .huge_func.text         in "P3-P5"
  ro section .huge_func.textrw_init  in "P3-P5"
  ro section .iar.init_table         in "P3-P5"
  ro section .init_array             in "P3-P5"
  ro section .near_func.textrw_init  in "P3-P5"
  ro section .tiny.data_init         in "P3-P5"
  ro section .tiny.rodata_init       in "P3-P5"
  ro section __DLIB_PERTHREAD_init   in "P3-P5"
  rw section .far.bss                in "P2"
  rw section .far.data               in "P2"
  rw section .far.noinit             in "P2"
  rw section .far_func.textrw        in "P2"
  rw section .huge.bss               in "P2"
  rw section .huge.data              in "P2"
  rw section .huge.noinit            in "P2"
  rw section .huge_func.textrw       in "P2"
  rw section .iar.dynexit            in "P2"
  rw section .near.bss               in "P2"
  rw section .near.noinit            in "P2"
  rw section .near_func.textrw       in "P2"
  rw section .tiny.bss               in "P1"
  rw section .tiny.data              in "P1"
  rw section .tiny.noinit            in "P1"
  rw section .tiny.rodata            in "P1"
  rw section __DLIB_PERTHREAD        in "P2"
  section .eeprom.data               in "P6-P8"
  section .eeprom.noinit             in "P6-P8"
  section .eeprom.rodata             in "P6-P8"


  Section            Kind      Address   Size  Object
  -------            ----      -------   ----  ------
"A0":                                     0xc
  .vregs             uninit   0x000000    0xc  vregs.o [4]
                            - 0x00000c    0xc

"P2":                                     0xa
  P2-1                        0x00000c    0xa  <Init block>
    .near.data       inited   0x00000c    0xa  main.o [1]
                            - 0x000016    0xa

"A1":                                   0x100
  CSTACK                      0x000300  0x100  <Block>
    CSTACK           uninit   0x000300  0x100  <Block tail>
                            - 0x000400  0x100

"A2":                                    0x80
  INTVEC                      0x008000   0x80  <Block>
    .intvec          const    0x008000   0x80  interrupt.o [4]
                            - 0x008080   0x80

"P3-P5":                                0x466
  .near_func.text    ro code  0x008080  0x110  stm8s_gpio.o [1]
  .near_func.text    ro code  0x008190   0xce  main.o [1]
  .near_func.text    ro code  0x00825e   0x7e  main.o [1]
  .near_func.text    ro code  0x0082dc   0x75  main.o [1]
  .near_func.text    ro code  0x008351   0x51  vreg_util.o [4]
  .near.rodata       const    0x0083a2   0x42  stm8s_gpio.o [1]
  .near_func.text    ro code  0x0083e4   0x29  short.o [4]
  .near_func.text    ro code  0x00840d   0x28  init_small.o [4]
  .iar.init_table    const    0x008435    0xa  - Linker created -
  .near_func.text    ro code  0x00843f   0x17  main.o [1]
  .near_func.text    ro code  0x008456   0x14  stm8s_gpio.o [1]
  .near_func.text    ro code  0x00846a   0x14  init.o [4]
  .near_func.text    ro code  0x00847e   0x14  __dbg_xxexit.o [3]
  .near_func.text    ro code  0x008492   0x13  cstartup.o [4]
  Initializer bytes  const    0x0084a5    0xa  <for P2-1>
  .near_func.text    ro code  0x0084af    0x7  stm8s_gpio.o [1]
  .near_func.text    ro code  0x0084b6    0x6  char.o [4]
  .near_func.text    ro code  0x0084bc    0x5  cexit.o [4]
  .near_func.text    ro code  0x0084c1    0x4  stm8s_gpio.o [1]
  .near_func.text    ro code  0x0084c5    0x3  interrupt.o [4]
  .near_func.text    ro code  0x0084c8    0x3  low_level_init.o [4]
  .near_func.text    ro code  0x0084cb    0x3  exit.o [4]
  .near_func.text    ro code  0x0084ce    0x3  unhandled_exception.o [4]
  .near_func.text    ro code  0x0084d1    0x1  main.o [1]
  .near_func.text    ro code  0x0084d2    0x1  stm8s_it.o [1]
  .near_func.text    ro code  0x0084d3    0x1  stm8s_it.o [1]
  .near_func.text    ro code  0x0084d4    0x1  stm8s_it.o [1]
  .near_func.text    ro code  0x0084d5    0x1  stm8s_it.o [1]
  .near_func.text    ro code  0x0084d6    0x1  stm8s_it.o [1]
  .near_func.text    ro code  0x0084d7    0x1  stm8s_it.o [1]
  .near_func.text    ro code  0x0084d8    0x1  stm8s_it.o [1]
  .near_func.text    ro code  0x0084d9    0x1  stm8s_it.o [1]
  .near_func.text    ro code  0x0084da    0x1  stm8s_it.o [1]
  .near_func.text    ro code  0x0084db    0x1  stm8s_it.o [1]
  .near_func.text    ro code  0x0084dc    0x1  stm8s_it.o [1]
  .near_func.text    ro code  0x0084dd    0x1  stm8s_it.o [1]
  .near_func.text    ro code  0x0084de    0x1  stm8s_it.o [1]
  .near_func.text    ro code  0x0084df    0x1  stm8s_it.o [1]
  .near_func.text    ro code  0x0084e0    0x1  stm8s_it.o [1]
  .near_func.text    ro code  0x0084e1    0x1  stm8s_it.o [1]
  .near_func.text    ro code  0x0084e2    0x1  stm8s_it.o [1]
  .near_func.text    ro code  0x0084e3    0x1  stm8s_it.o [1]
  .near_func.text    ro code  0x0084e4    0x1  stm8s_it.o [1]
  .near_func.text    ro code  0x0084e5    0x1  __dbg_break.o [3]
                            - 0x0084e6  0x466


*******************************************************************************
*** INIT TABLE
***

          Address   Size
          -------   ----
Copy (__iar_copy_init2)
    1 source range, total size 0xa:
          0x0084a5   0xa
    1 destination range, total size 0xa:
          0x00000c   0xa



*******************************************************************************
*** MODULE SUMMARY
***

    Module                 ro code  ro data  rw data
    ------                 -------  -------  -------
C:\Users\VIETNGU\Documents\EMBEDDED_LAB\STM8\Project\4.STM8S_7SEGMENT_2DIGIT\Debug\Obj: [1]
    main.o                     473       10       10
    stm8s_gpio.o               303       66
    stm8s_it.o                  19
    ------------------------------------------------
    Total:                     795       76       10

command line: [2]
    ------------------------------------------------
    Total:

dbgstm8smd.a: [3]
    __dbg_break.o                1
    __dbg_xxexit.o              20
    ------------------------------------------------
    Total:                      21

dlstm8smn.a: [4]
    cexit.o                      5
    char.o                       6
    cstartup.o                  19
    exit.o                       3
    init.o                      20
    init_small.o                40
    interrupt.o                  3      128
    low_level_init.o             3
    short.o                     41
    unhandled_exception.o        3
    vreg_util.o                 81
    vregs.o                                       12
    ------------------------------------------------
    Total:                     224      128       12

    Linker created                       10      256
----------------------------------------------------
    Grand Total:             1 040      214      278


*******************************************************************************
*** ENTRY LIST
***

Entry                    Address   Size  Type      Object
-----                    -------   ----  ----      ------
.iar.init_table$$Base   0x008435          --   Gb  - Linker created -
.iar.init_table$$Limit  0x00843f          --   Gb  - Linker created -
?b0                     0x000000         Data  Gb  vregs.o [4]
?b1                     0x000001         Data  Gb  vregs.o [4]
?b10                    0x00000a         Data  Gb  vregs.o [4]
?b11                    0x00000b         Data  Gb  vregs.o [4]
?b2                     0x000002         Data  Gb  vregs.o [4]
?b3                     0x000003         Data  Gb  vregs.o [4]
?b4                     0x000004         Data  Gb  vregs.o [4]
?b5                     0x000005         Data  Gb  vregs.o [4]
?b6                     0x000006         Data  Gb  vregs.o [4]
?b7                     0x000007         Data  Gb  vregs.o [4]
?b8                     0x000008         Data  Gb  vregs.o [4]
?b9                     0x000009         Data  Gb  vregs.o [4]
?e0                     0x000001         Data  Gb  vregs.o [4]
?e1                     0x000005         Data  Gb  vregs.o [4]
?e2                     0x000009         Data  Gb  vregs.o [4]
?epilogue_l2            0x00839e         Code  Gb  vreg_util.o [4]
?l0                     0x000000         Data  Gb  vregs.o [4]
?l1                     0x000004         Data  Gb  vregs.o [4]
?l2                     0x000008         Data  Gb  vregs.o [4]
?pop_l2                 0x00838b         Code  Gb  vreg_util.o [4]
?push_l2                0x008369         Code  Gb  vreg_util.o [4]
?push_w4                0x008351         Code  Gb  vreg_util.o [4]
?sdiv16_x_x_y           0x0083e4         Code  Gb  short.o [4]
?smod16_y_x_y           0x0083fd         Code  Gb  short.o [4]
?srl8_a_a_5             0x0084b7         Code  Gb  char.o [4]
?srl8_a_a_6             0x0084b6         Code  Gb  char.o [4]
?w0                     0x000000         Data  Gb  vregs.o [4]
?w1                     0x000002         Data  Gb  vregs.o [4]
?w2                     0x000004         Data  Gb  vregs.o [4]
?w3                     0x000006         Data  Gb  vregs.o [4]
?w4                     0x000008         Data  Gb  vregs.o [4]
?w5                     0x00000a         Data  Gb  vregs.o [4]
ADC1_IRQHandler         0x0084e2    0x1  Code  Gb  stm8s_it.o [1]
AWU_IRQHandler          0x0084d4    0x1  Code  Gb  stm8s_it.o [1]
CLK_IRQHandler          0x0084d5    0x1  Code  Gb  stm8s_it.o [1]
CSTACK$$Base            0x000300          --   Gb  - Linker created -
CSTACK$$Limit           0x000400          --   Gb  - Linker created -
EEPROM_EEC_IRQHandler   0x0084e4    0x1  Code  Gb  stm8s_it.o [1]
EXTI_PORTA_IRQHandler   0x0084d6    0x1  Code  Gb  stm8s_it.o [1]
EXTI_PORTB_IRQHandler   0x0084d7    0x1  Code  Gb  stm8s_it.o [1]
EXTI_PORTC_IRQHandler   0x0084d8    0x1  Code  Gb  stm8s_it.o [1]
EXTI_PORTD_IRQHandler   0x0084d9    0x1  Code  Gb  stm8s_it.o [1]
EXTI_PORTE_IRQHandler   0x0084da    0x1  Code  Gb  stm8s_it.o [1]
GPIO_CONFIGURATION      0x00825e   0x7e  Code  Gb  main.o [1]
GPIO_DeInit             0x008456   0x14  Code  Gb  stm8s_gpio.o [1]
GPIO_Init               0x008080  0x110  Code  Gb  stm8s_gpio.o [1]
GPIO_WriteHigh          0x0084af    0x7  Code  Gb  stm8s_gpio.o [1]
GPIO_WriteLow           0x0084c1    0x4  Code  Gb  stm8s_gpio.o [1]
I2C_IRQHandler          0x0084e1    0x1  Code  Gb  stm8s_it.o [1]
INTVEC$$Base            0x008000          --   Gb  - Linker created -
INTVEC$$Limit           0x008080          --   Gb  - Linker created -
LED7_writeByte          0x008190   0xce  Code  Gb  main.o [1]
Region$$Table$$Base     0x008435          --   Gb  - Linker created -
Region$$Table$$Limit    0x00843f          --   Gb  - Linker created -
SPI_IRQHandler          0x0084db    0x1  Code  Gb  stm8s_it.o [1]
TIM1_CAP_COM_IRQHandler
                        0x0084dd    0x1  Code  Gb  stm8s_it.o [1]
TIM1_UPD_OVF_TRG_BRK_IRQHandler
                        0x0084dc    0x1  Code  Gb  stm8s_it.o [1]
TIM2_CAP_COM_IRQHandler
                        0x0084df    0x1  Code  Gb  stm8s_it.o [1]
TIM2_UPD_OVF_BRK_IRQHandler
                        0x0084de    0x1  Code  Gb  stm8s_it.o [1]
TIM4_UPD_OVF_IRQHandler
                        0x0084e3    0x1  Code  Gb  stm8s_it.o [1]
TLI_IRQHandler          0x0084d3    0x1  Code  Gb  stm8s_it.o [1]
TRAP_IRQHandler         0x0084d2    0x1  Code  Gb  stm8s_it.o [1]
UART1_TX_IRQHandler     0x0084e0    0x1  Code  Gb  stm8s_it.o [1]
__DebugBreak            0x0084e5    0x1  Code  Gb  __dbg_break.o [3]
__exit                  0x00847e   0x14  Code  Gb  __dbg_xxexit.o [3]
__iar_copy_init2        0x00840d         Code  Gb  init_small.o [4]
__iar_data_init2        0x00846a   0x14  Code  Gb  init.o [4]
__iar_program_start     0x008492         Code  Gb  cstartup.o [4]
__iar_unhandled_exception
                        0x0084ce         Code  Gb  unhandled_exception.o [4]
__intvec                0x008000         Data  Gb  interrupt.o [4]
__low_level_init        0x0084c8    0x3  Code  Gb  low_level_init.o [4]
_exit                   0x0084bc         Code  Gb  cexit.o [4]
_interrupt_1            0x0084d2         Code  Gb  stm8s_it.o [1]
_interrupt_12           0x0084db         Code  Gb  stm8s_it.o [1]
_interrupt_13           0x0084dc         Code  Gb  stm8s_it.o [1]
_interrupt_14           0x0084dd         Code  Gb  stm8s_it.o [1]
_interrupt_15           0x0084de         Code  Gb  stm8s_it.o [1]
_interrupt_16           0x0084df         Code  Gb  stm8s_it.o [1]
_interrupt_19           0x0084e0         Code  Gb  stm8s_it.o [1]
_interrupt_2            0x0084d3         Code  Gb  stm8s_it.o [1]
_interrupt_21           0x0084e1         Code  Gb  stm8s_it.o [1]
_interrupt_24           0x0084e2         Code  Gb  stm8s_it.o [1]
_interrupt_25           0x0084e3         Code  Gb  stm8s_it.o [1]
_interrupt_26           0x0084e4         Code  Gb  stm8s_it.o [1]
_interrupt_3            0x0084d4         Code  Gb  stm8s_it.o [1]
_interrupt_4            0x0084d5         Code  Gb  stm8s_it.o [1]
_interrupt_5            0x0084d6         Code  Gb  stm8s_it.o [1]
_interrupt_6            0x0084d7         Code  Gb  stm8s_it.o [1]
_interrupt_7            0x0084d8         Code  Gb  stm8s_it.o [1]
_interrupt_8            0x0084d9         Code  Gb  stm8s_it.o [1]
_interrupt_9            0x0084da         Code  Gb  stm8s_it.o [1]
assert_failed           0x0084d1    0x1  Code  Gb  main.o [1]
delay                   0x00843f   0x17  Code  Gb  main.o [1]
exit                    0x0084cb    0x3  Code  Gb  exit.o [4]
led7Hex                 0x00000c    0xa  Data  Gb  main.o [1]
main                    0x0082dc   0x75  Code  Gb  main.o [1]


[1] = C:\Users\VIETNGU\Documents\EMBEDDED_LAB\STM8\Project\4.STM8S_7SEGMENT_2DIGIT\Debug\Obj
[2] = command line
[3] = dbgstm8smd.a
[4] = dlstm8smn.a

  1 040 bytes of readonly  code memory
    214 bytes of readonly  data memory
    278 bytes of readwrite data memory

Errors: none
Warnings: none
