###############################################################################
#
# IAR ELF Linker V3.11.1.207 for STM8                     25/Jul/2024  13:14:28
# Copyright 2010-2019 IAR Systems AB.
#
#    Output file  =  
#        C:\Users\VIETNGU\Documents\EMBEDDED_LAB\STM8\Project\10.LIBRARY_STM8S_UART\Debug\Exe\LIBRARY_STM8S_UART.out
#    Map file     =  
#        C:\Users\VIETNGU\Documents\EMBEDDED_LAB\STM8\Project\10.LIBRARY_STM8S_UART\Debug\List\LIBRARY_STM8S_UART.map
#    Command line =  
#        -f C:\Users\VIETNGU\AppData\Local\Temp\EW346A.tmp
#        (C:\Users\VIETNGU\Documents\EMBEDDED_LAB\STM8\Project\10.LIBRARY_STM8S_UART\Debug\Obj\lib_convert.o
#        C:\Users\VIETNGU\Documents\EMBEDDED_LAB\STM8\Project\10.LIBRARY_STM8S_UART\Debug\Obj\lib_uart.o
#        C:\Users\VIETNGU\Documents\EMBEDDED_LAB\STM8\Project\10.LIBRARY_STM8S_UART\Debug\Obj\main.o
#        C:\Users\VIETNGU\Documents\EMBEDDED_LAB\STM8\Project\10.LIBRARY_STM8S_UART\Debug\Obj\stm8s_clk.o
#        C:\Users\VIETNGU\Documents\EMBEDDED_LAB\STM8\Project\10.LIBRARY_STM8S_UART\Debug\Obj\stm8s_gpio.o
#        C:\Users\VIETNGU\Documents\EMBEDDED_LAB\STM8\Project\10.LIBRARY_STM8S_UART\Debug\Obj\stm8s_it.o
#        C:\Users\VIETNGU\Documents\EMBEDDED_LAB\STM8\Project\10.LIBRARY_STM8S_UART\Debug\Obj\stm8s_itc.o
#        C:\Users\VIETNGU\Documents\EMBEDDED_LAB\STM8\Project\10.LIBRARY_STM8S_UART\Debug\Obj\stm8s_uart1.o
#        --redirect _Printf=_PrintfFullNoMb --redirect _Scanf=_ScanfFullNoMb
#        --no_out_extension -o
#        C:\Users\VIETNGU\Documents\EMBEDDED_LAB\STM8\Project\10.LIBRARY_STM8S_UART\Debug\Exe\LIBRARY_STM8S_UART.out
#        --map
#        C:\Users\VIETNGU\Documents\EMBEDDED_LAB\STM8\Project\10.LIBRARY_STM8S_UART\Debug\List\LIBRARY_STM8S_UART.map
#        --config "C:\Program Files (x86)\IAR Systems\Embedded Workbench
#        8.3\stm8\config\lnkstm8s103f3.icf" --config_def _CSTACK_SIZE=0x100
#        --config_def _HEAP_SIZE=0x100 --entry __iar_program_start --debug_lib)
#
###############################################################################

*******************************************************************************
*** RUNTIME MODEL ATTRIBUTES
***

__SystemLibrary            = DLib
__code_model               = small
__core                     = stm8
__data_model               = medium
__dlib_file_descriptor     = 0
__dlib_full_locale_support = 0
__rt_version               = 4


*******************************************************************************
*** PLACEMENT SUMMARY
***

"A0":  place at start of [0x000000-0x0000ff] { rw section .vregs };
"A1":  place at end of [0x000000-0x0003ff] { block CSTACK };
"P2":  place in [from 0x000000 to 0x0003ff] {
          block HEAP, rw section __DLIB_PERTHREAD, rw section .far.bss,
          rw section .far.data, rw section .far.noinit,
          rw section .far_func.textrw, rw section .huge.bss,
          rw section .huge.data, rw section .huge.noinit,
          rw section .huge_func.textrw, rw section .iar.dynexit,
          rw section .near.bss, rw section .near.data, rw section .near.noinit,
          rw section .near_func.textrw };
"A2":  place at start of [0x008000-0x009fff] { block INTVEC };
"P3":  place in [from 0x008000 to 0x009fff] {
          ro section __DLIB_PERTHREAD_init, ro section .far.data_init,
          ro section .far_func.textrw_init, ro section .huge.data_init,
          ro section .huge_func.textrw_init, ro section .iar.init_table,
          ro section .init_array, ro section .near.data_init,
          ro section .near.rodata, ro section .near_func.text,
          ro section .near_func.textrw_init, ro section .tiny.data_init,
          ro section .tiny.rodata_init };
"P4":  place in [from 0x008000 to 0x009fff] {
          ro section .far.rodata, ro section .far_func.text };
"P5":  place in [from 0x008000 to 0x009fff] {
          ro section .huge.rodata, ro section .huge_func.text };
do not initialize {
   rw section .eeprom.noinit, rw section .far.noinit, rw section .huge.noinit,
   rw section .near.noinit, rw section .tiny.noinit, rw section .vregs };

No sections matched the following patterns:

  ro section .far.data_init          in "P3-P5"
  ro section .far.rodata             in "P3-P5"
  ro section .far_func.text          in "P3-P5"
  ro section .far_func.textrw_init   in "P3-P5"
  ro section .huge.data_init         in "P3-P5"
  ro section .huge.rodata            in "P3-P5"
  ro section .huge_func.text         in "P3-P5"
  ro section .huge_func.textrw_init  in "P3-P5"
  ro section .iar.init_table         in "P3-P5"
  ro section .init_array             in "P3-P5"
  ro section .near.data_init         in "P3-P5"
  ro section .near_func.textrw_init  in "P3-P5"
  ro section .tiny.data_init         in "P3-P5"
  ro section .tiny.rodata_init       in "P3-P5"
  ro section __DLIB_PERTHREAD_init   in "P3-P5"
  rw section .far.bss                in "P2"
  rw section .far.data               in "P2"
  rw section .far.noinit             in "P2"
  rw section .far_func.textrw        in "P2"
  rw section .huge.bss               in "P2"
  rw section .huge.data              in "P2"
  rw section .huge.noinit            in "P2"
  rw section .huge_func.textrw       in "P2"
  rw section .iar.dynexit            in "P2"
  rw section .near.data              in "P2"
  rw section .near.noinit            in "P2"
  rw section .near_func.textrw       in "P2"
  rw section .tiny.bss               in "P1"
  rw section .tiny.data              in "P1"
  rw section .tiny.noinit            in "P1"
  rw section .tiny.rodata            in "P1"
  rw section __DLIB_PERTHREAD        in "P2"
  section .eeprom.data               in "P6-P8"
  section .eeprom.noinit             in "P6-P8"
  section .eeprom.rodata             in "P6-P8"


  Section          Kind      Address   Size  Object
  -------          ----      -------   ----  ------
"A0":                                  0x10
  .vregs           uninit   0x000000   0x10  vregs.o [4]
                          - 0x000010   0x10

"P2":                                  0x69
  .near.bss        zero     0x000010   0x64  lib_uart.o [1]
  .near.bss        zero     0x000074    0x2  lib_uart.o [1]
  .near.bss        zero     0x000076    0x2  lib_uart.o [1]
  .near.bss        zero     0x000078    0x1  lib_uart.o [1]
                          - 0x000079   0x69

"A1":                                 0x100
  CSTACK                    0x000300  0x100  <Block>
    CSTACK         uninit   0x000300  0x100  <Block tail>
                          - 0x000400  0x100

"A2":                                  0x80
  INTVEC                    0x008000   0x80  <Block>
    .intvec        const    0x008000   0x80  interrupt.o [4]
                          - 0x008080   0x80

"P3-P5":                              0x4d9
  .near_func.text  ro code  0x008080  0x110  stm8s_gpio.o [1]
  .near_func.text  ro code  0x008190   0x9e  stm8s_uart1.o [1]
  .near_func.text  ro code  0x00822e   0x97  vreg_util.o [4]
  .near_func.text  ro code  0x0082c5   0x5c  lib_uart.o [1]
  .near_func.text  ro code  0x008321   0x4e  lib_uart.o [1]
  .near_func.text  ro code  0x00836f   0x48  main.o [1]
  .near.rodata     const    0x0083b7   0x43  stm8s_uart1.o [1]
  .near.rodata     const    0x0083fa   0x42  stm8s_gpio.o [1]
  .near_func.text  ro code  0x00843c   0x33  lib_uart.o [1]
  .near_func.text  ro code  0x00846f   0x28  lib_uart.o [1]
  .iar.init_table  const    0x008497    0x8  - Linker created -
  .near_func.text  ro code  0x00849f   0x1e  init_small.o [4]
  .near_func.text  ro code  0x0084bd   0x17  main.o [1]
  .near_func.text  ro code  0x0084d4   0x14  stm8s_gpio.o [1]
  .near_func.text  ro code  0x0084e8   0x14  init.o [4]
  .near_func.text  ro code  0x0084fc   0x14  __dbg_xxexit.o [3]
  .near_func.text  ro code  0x008510   0x13  cstartup.o [4]
  .near_func.text  ro code  0x008523    0xd  lib_convert.o [1]
  .near_func.text  ro code  0x008530    0x5  cexit.o [4]
  .near_func.text  ro code  0x008535    0x4  stm8s_uart1.o [1]
  .near_func.text  ro code  0x008539    0x3  interrupt.o [4]
  .near_func.text  ro code  0x00853c    0x3  low_level_init.o [4]
  .near_func.text  ro code  0x00853f    0x3  exit.o [4]
  .near_func.text  ro code  0x008542    0x3  unhandled_exception.o [4]
  .near_func.text  ro code  0x008545    0x1  main.o [1]
  .near_func.text  ro code  0x008546    0x1  stm8s_it.o [1]
  .near_func.text  ro code  0x008547    0x1  stm8s_it.o [1]
  .near_func.text  ro code  0x008548    0x1  stm8s_it.o [1]
  .near_func.text  ro code  0x008549    0x1  stm8s_it.o [1]
  .near_func.text  ro code  0x00854a    0x1  stm8s_it.o [1]
  .near_func.text  ro code  0x00854b    0x1  stm8s_it.o [1]
  .near_func.text  ro code  0x00854c    0x1  stm8s_it.o [1]
  .near_func.text  ro code  0x00854d    0x1  stm8s_it.o [1]
  .near_func.text  ro code  0x00854e    0x1  stm8s_it.o [1]
  .near_func.text  ro code  0x00854f    0x1  stm8s_it.o [1]
  .near_func.text  ro code  0x008550    0x1  stm8s_it.o [1]
  .near_func.text  ro code  0x008551    0x1  stm8s_it.o [1]
  .near_func.text  ro code  0x008552    0x1  stm8s_it.o [1]
  .near_func.text  ro code  0x008553    0x1  stm8s_it.o [1]
  .near_func.text  ro code  0x008554    0x1  stm8s_it.o [1]
  .near_func.text  ro code  0x008555    0x1  stm8s_it.o [1]
  .near_func.text  ro code  0x008556    0x1  stm8s_it.o [1]
  .near_func.text  ro code  0x008557    0x1  stm8s_it.o [1]
  .near_func.text  ro code  0x008558    0x1  __dbg_break.o [3]
                          - 0x008559  0x4d9


*******************************************************************************
*** INIT TABLE
***

          Address   Size
          -------   ----
Zero (__iar_zero_init2)
    1 destination range, total size 0x69:
          0x000010  0x69



*******************************************************************************
*** MODULE SUMMARY
***

    Module                 ro code  ro data  rw data
    ------                 -------  -------  -------
C:\Users\VIETNGU\Documents\EMBEDDED_LAB\STM8\Project\10.LIBRARY_STM8S_UART\Debug\Obj: [1]
    lib_convert.o               13
    lib_uart.o                 261               105
    main.o                      96
    stm8s_gpio.o               292       66
    stm8s_it.o                  18
    stm8s_uart1.o              162       67
    ------------------------------------------------
    Total:                     842      133      105

command line: [2]
    ------------------------------------------------
    Total:

dbgstm8smd.a: [3]
    __dbg_break.o                1
    __dbg_xxexit.o              20
    ------------------------------------------------
    Total:                      21

dlstm8smn.a: [4]
    cexit.o                      5
    cstartup.o                  19
    exit.o                       3
    init.o                      20
    init_small.o                30
    interrupt.o                  3      128
    low_level_init.o             3
    unhandled_exception.o        3
    vreg_util.o                151
    vregs.o                                       16
    ------------------------------------------------
    Total:                     237      128       16

    Linker created                        8      256
----------------------------------------------------
    Grand Total:             1 100      269      377


*******************************************************************************
*** ENTRY LIST
***

Entry                    Address   Size  Type      Object
-----                    -------   ----  ----      ------
.iar.init_table$$Base   0x008497          --   Gb  - Linker created -
.iar.init_table$$Limit  0x00849f          --   Gb  - Linker created -
?b0                     0x000000         Data  Gb  vregs.o [4]
?b1                     0x000001         Data  Gb  vregs.o [4]
?b10                    0x00000a         Data  Gb  vregs.o [4]
?b11                    0x00000b         Data  Gb  vregs.o [4]
?b12                    0x00000c         Data  Gb  vregs.o [4]
?b13                    0x00000d         Data  Gb  vregs.o [4]
?b14                    0x00000e         Data  Gb  vregs.o [4]
?b15                    0x00000f         Data  Gb  vregs.o [4]
?b2                     0x000002         Data  Gb  vregs.o [4]
?b3                     0x000003         Data  Gb  vregs.o [4]
?b4                     0x000004         Data  Gb  vregs.o [4]
?b5                     0x000005         Data  Gb  vregs.o [4]
?b6                     0x000006         Data  Gb  vregs.o [4]
?b7                     0x000007         Data  Gb  vregs.o [4]
?b8                     0x000008         Data  Gb  vregs.o [4]
?b9                     0x000009         Data  Gb  vregs.o [4]
?e0                     0x000001         Data  Gb  vregs.o [4]
?e1                     0x000005         Data  Gb  vregs.o [4]
?e2                     0x000009         Data  Gb  vregs.o [4]
?e3                     0x00000d         Data  Gb  vregs.o [4]
?epilogue_l2            0x0082b6         Code  Gb  vreg_util.o [4]
?epilogue_l2_w6         0x0082ba         Code  Gb  vreg_util.o [4]
?epilogue_w4            0x0082c1         Code  Gb  vreg_util.o [4]
?l0                     0x000000         Data  Gb  vregs.o [4]
?l1                     0x000004         Data  Gb  vregs.o [4]
?l2                     0x000008         Data  Gb  vregs.o [4]
?l3                     0x00000c         Data  Gb  vregs.o [4]
?pop_l0                 0x00828d         Code  Gb  vreg_util.o [4]
?pop_l1                 0x008298         Code  Gb  vreg_util.o [4]
?pop_l2                 0x0082a3         Code  Gb  vreg_util.o [4]
?pop_w4                 0x00824b         Code  Gb  vreg_util.o [4]
?pop_w6                 0x008252         Code  Gb  vreg_util.o [4]
?push_l0                0x008261         Code  Gb  vreg_util.o [4]
?push_l1                0x008266         Code  Gb  vreg_util.o [4]
?push_l2                0x00826b         Code  Gb  vreg_util.o [4]
?push_w4                0x00822e         Code  Gb  vreg_util.o [4]
?push_w6                0x008233         Code  Gb  vreg_util.o [4]
?w0                     0x000000         Data  Gb  vregs.o [4]
?w1                     0x000002         Data  Gb  vregs.o [4]
?w2                     0x000004         Data  Gb  vregs.o [4]
?w3                     0x000006         Data  Gb  vregs.o [4]
?w4                     0x000008         Data  Gb  vregs.o [4]
?w5                     0x00000a         Data  Gb  vregs.o [4]
?w6                     0x00000c         Data  Gb  vregs.o [4]
?w7                     0x00000e         Data  Gb  vregs.o [4]
ADC1_IRQHandler         0x008555    0x1  Code  Gb  stm8s_it.o [1]
AWU_IRQHandler          0x008548    0x1  Code  Gb  stm8s_it.o [1]
CLK_IRQHandler          0x008549    0x1  Code  Gb  stm8s_it.o [1]
CSTACK$$Base            0x000300          --   Gb  - Linker created -
CSTACK$$Limit           0x000400          --   Gb  - Linker created -
Convert_From_Bytes_To_Uint16
                        0x008523    0xd  Code  Gb  lib_convert.o [1]
EEPROM_EEC_IRQHandler   0x008557    0x1  Code  Gb  stm8s_it.o [1]
EXTI_PORTA_IRQHandler   0x00854a    0x1  Code  Gb  stm8s_it.o [1]
EXTI_PORTB_IRQHandler   0x00854b    0x1  Code  Gb  stm8s_it.o [1]
EXTI_PORTC_IRQHandler   0x00854c    0x1  Code  Gb  stm8s_it.o [1]
EXTI_PORTD_IRQHandler   0x00854d    0x1  Code  Gb  stm8s_it.o [1]
EXTI_PORTE_IRQHandler   0x00854e    0x1  Code  Gb  stm8s_it.o [1]
GPIO_DeInit             0x0084d4   0x14  Code  Gb  stm8s_gpio.o [1]
GPIO_Init               0x008080  0x110  Code  Gb  stm8s_gpio.o [1]
I2C_IRQHandler          0x008554    0x1  Code  Gb  stm8s_it.o [1]
INTVEC$$Base            0x008000          --   Gb  - Linker created -
INTVEC$$Limit           0x008080          --   Gb  - Linker created -
Region$$Table$$Base     0x008497          --   Gb  - Linker created -
Region$$Table$$Limit    0x00849f          --   Gb  - Linker created -
SPI_IRQHandler          0x00854f    0x1  Code  Gb  stm8s_it.o [1]
TIM1_CAP_COM_IRQHandler
                        0x008550    0x1  Code  Gb  stm8s_it.o [1]
TIM2_CAP_COM_IRQHandler
                        0x008552    0x1  Code  Gb  stm8s_it.o [1]
TIM2_UPD_OVF_BRK_IRQHandler
                        0x008551    0x1  Code  Gb  stm8s_it.o [1]
TIM4_UPD_OVF_IRQHandler
                        0x008556    0x1  Code  Gb  stm8s_it.o [1]
TLI_IRQHandler          0x008547    0x1  Code  Gb  stm8s_it.o [1]
TRAP_IRQHandler         0x008546    0x1  Code  Gb  stm8s_it.o [1]
UART1_GetFlagStatus     0x008190   0x9e  Code  Gb  stm8s_uart1.o [1]
UART1_RX_IRQHandler     0x0082c5   0x5c  Code  Gb  lib_uart.o [1]
UART1_SendData8         0x008535    0x4  Code  Gb  stm8s_uart1.o [1]
UART1_TX_IRQHandler     0x008553    0x1  Code  Gb  stm8s_it.o [1]
UART_Configuration      0x008321   0x4e  Code  Gb  lib_uart.o [1]
UART_Send_Array         0x00843c   0x33  Code  Gb  lib_uart.o [1]
UART_Time_Out           0x00846f   0x28  Code  Gb  lib_uart.o [1]
__DebugBreak            0x008558    0x1  Code  Gb  __dbg_break.o [3]
__exit                  0x0084fc   0x14  Code  Gb  __dbg_xxexit.o [3]
__iar_data_init2        0x0084e8   0x14  Code  Gb  init.o [4]
__iar_program_start     0x008510         Code  Gb  cstartup.o [4]
__iar_unhandled_exception
                        0x008542         Code  Gb  unhandled_exception.o [4]
__iar_zero_init2        0x00849f         Code  Gb  init_small.o [4]
__intvec                0x008000         Data  Gb  interrupt.o [4]
__low_level_init        0x00853c    0x3  Code  Gb  low_level_init.o [4]
_exit                   0x008530         Code  Gb  cexit.o [4]
_interrupt_1            0x008546         Code  Gb  stm8s_it.o [1]
_interrupt_12           0x00854f         Code  Gb  stm8s_it.o [1]
_interrupt_14           0x008550         Code  Gb  stm8s_it.o [1]
_interrupt_15           0x008551         Code  Gb  stm8s_it.o [1]
_interrupt_16           0x008552         Code  Gb  stm8s_it.o [1]
_interrupt_19           0x008553         Code  Gb  stm8s_it.o [1]
_interrupt_2            0x008547         Code  Gb  stm8s_it.o [1]
_interrupt_20           0x0082c5         Code  Gb  lib_uart.o [1]
_interrupt_21           0x008554         Code  Gb  stm8s_it.o [1]
_interrupt_24           0x008555         Code  Gb  stm8s_it.o [1]
_interrupt_25           0x008556         Code  Gb  stm8s_it.o [1]
_interrupt_26           0x008557         Code  Gb  stm8s_it.o [1]
_interrupt_3            0x008548         Code  Gb  stm8s_it.o [1]
_interrupt_4            0x008549         Code  Gb  stm8s_it.o [1]
_interrupt_5            0x00854a         Code  Gb  stm8s_it.o [1]
_interrupt_6            0x00854b         Code  Gb  stm8s_it.o [1]
_interrupt_7            0x00854c         Code  Gb  stm8s_it.o [1]
_interrupt_8            0x00854d         Code  Gb  stm8s_it.o [1]
_interrupt_9            0x00854e         Code  Gb  stm8s_it.o [1]
array_receive           0x000010   0x64  Data  Gb  lib_uart.o [1]
assert_failed           0x008545    0x1  Code  Gb  main.o [1]
count_array_receive     0x000074    0x2  Data  Gb  lib_uart.o [1]
count_timeout_uart      0x000076    0x2  Data  Gb  lib_uart.o [1]
delay                   0x0084bd   0x17  Code  Gb  main.o [1]
exit                    0x00853f    0x3  Code  Gb  exit.o [4]
flag_array_receive      0x000078    0x1  Data  Gb  lib_uart.o [1]
main                    0x00836f   0x48  Code  Gb  main.o [1]


[1] = C:\Users\VIETNGU\Documents\EMBEDDED_LAB\STM8\Project\10.LIBRARY_STM8S_UART\Debug\Obj
[2] = command line
[3] = dbgstm8smd.a
[4] = dlstm8smn.a

  1 100 bytes of readonly  code memory
    269 bytes of readonly  data memory
    377 bytes of readwrite data memory

Errors: none
Warnings: none
